###############################################################################
#
# IAR C/C++ Compiler V8.10.3.1087/W32 for MSP430          17/Feb/2025  14:25:10
# Copyright 1996-2023 IAR Systems AB.
# Evaluation license - IAR Embedded Workbench for MSP430, Evaluation version 8.10
#
#    __rt_version  =  3
#    __double_size =  32
#    __reg_r4      =  free
#    __reg_r5      =  free
#    __pic         =  no
#    __core        =  430X
#    __data_model  =  small
#    __code_model  =  large
#    Source file   =  C:\Users\rache\Desktop\BareMetal_IoTCar\ports.c
#    Command line  =  
#        -f C:\Users\rache\Desktop\BareMetal_IoTCar\Debug\Obj\ports.r43.rsp
#        (C:\Users\rache\Desktop\BareMetal_IoTCar\ports.c -lC
#        C:\Users\rache\Desktop\BareMetal_IoTCar\Debug\List\ -o
#        C:\Users\rache\Desktop\BareMetal_IoTCar\Debug\Obj\ --no_cse
#        --no_unroll --no_inline --no_code_motion --no_tbaa --debug
#        -D__MSP430FR5739__ -e --double=32 --dlib_config "C:\Program Files\IAR
#        Systems\Embedded Workbench 9.1\430\lib\dlib\dl430xlsfn.h" --core=430X
#        --data_model=small -On --multiplier=32 --hw_workaround=CPU40
#        --code_model=large) --dependencies=n
#        C:\Users\rache\Desktop\BareMetal_IoTCar\Debug\Obj\ports.r43.iar_deps
#    Locale        =  English_USA.1252
#    List file     =  
#        C:\Users\rache\Desktop\BareMetal_IoTCar\Debug\List\ports.lst
#    Object file   =  
#        C:\Users\rache\Desktop\BareMetal_IoTCar\Debug\Obj\ports.r43
#
###############################################################################

C:\Users\rache\Desktop\BareMetal_IoTCar\ports.c
      1          //******************************************************************************
      2          //   Name: ports.c
      3          //   Author: Rachel E. Williams
      4          //   Date Created: September 9 2015 (9/9/2015)
      5          //   Last Updated: 2/17/2025
      6          //   Description: This file contains configuration and initalization for all 
      7          //                port on the board (Port1,2,3,4, and J)
      8          //   Originally built with IAR Embedded Workbench Version: V4.10A/W32 (5.40.1)
      9          //   Updated revisions built with IAR Embedded Workbench - MSP430 V8.10.3
     10          //******************************************************************************  
     11          
     12          #include "msp430.h"

   \                                 In  segment DATA16_AN, at 0x700
   \   union <unnamed> _A_ADC10CTL0_L
   \                     _A_ADC10CTL0_L:
   \   000000                DS8 2

   \                                 In  segment DATA16_AN, at 0x702
   \   union <unnamed> _A_ADC10CTL1_L
   \                     _A_ADC10CTL1_L:
   \   000000                DS8 2

   \                                 In  segment DATA16_AN, at 0x704
   \   union <unnamed> _A_ADC10CTL2_L
   \                     _A_ADC10CTL2_L:
   \   000000                DS8 2

   \                                 In  segment DATA16_AN, at 0x70a
   \   union <unnamed> _A_ADC10MCTL0_L
   \                     _A_ADC10MCTL0_L:
   \   000000                DS8 2

   \                                 In  segment DATA16_AN, at 0x71a
   \   union <unnamed> _A_ADC10IE_L
   \                     _A_ADC10IE_L:
   \   000000                DS8 2

   \                                 In  segment DATA16_AN, at 0x202
   \   union <unnamed> _A_PAOUT_L
   \                     _A_PAOUT_L:
   \   000000                DS8 2

   \                                 In  segment DATA16_AN, at 0x204
   \   union <unnamed> _A_PADIR_L
   \                     _A_PADIR_L:
   \   000000                DS8 2

   \                                 In  segment DATA16_AN, at 0x206
   \   union <unnamed> _A_PAREN_L
   \                     _A_PAREN_L:
   \   000000                DS8 2

   \                                 In  segment DATA16_AN, at 0x20a
   \   union <unnamed> _A_PASEL0_L
   \                     _A_PASEL0_L:
   \   000000                DS8 2

   \                                 In  segment DATA16_AN, at 0x20c
   \   union <unnamed> _A_PASEL1_L
   \                     _A_PASEL1_L:
   \   000000                DS8 2

   \                                 In  segment DATA16_AN, at 0x222
   \   union <unnamed> _A_PBOUT_L
   \                     _A_PBOUT_L:
   \   000000                DS8 2

   \                                 In  segment DATA16_AN, at 0x224
   \   union <unnamed> _A_PBDIR_L
   \                     _A_PBDIR_L:
   \   000000                DS8 2

   \                                 In  segment DATA16_AN, at 0x226
   \   union <unnamed> _A_PBREN_L
   \                     _A_PBREN_L:
   \   000000                DS8 2

   \                                 In  segment DATA16_AN, at 0x22a
   \   union <unnamed> _A_PBSEL0_L
   \                     _A_PBSEL0_L:
   \   000000                DS8 2

   \                                 In  segment DATA16_AN, at 0x22c
   \   union <unnamed> _A_PBSEL1_L
   \                     _A_PBSEL1_L:
   \   000000                DS8 2

   \                                 In  segment DATA16_AN, at 0x322
   \   union <unnamed> _A_PJOUT_L
   \                     _A_PJOUT_L:
   \   000000                DS8 2

   \                                 In  segment DATA16_AN, at 0x324
   \   union <unnamed> _A_PJDIR_L
   \                     _A_PJDIR_L:
   \   000000                DS8 2

   \                                 In  segment DATA16_AN, at 0x32a
   \   union <unnamed> _A_PJSEL0_L
   \                     _A_PJSEL0_L:
   \   000000                DS8 2

   \                                 In  segment DATA16_AN, at 0x32c
   \   union <unnamed> _A_PJSEL1_L
   \                     _A_PJSEL1_L:
   \   000000                DS8 2
     13          #include "functions.h"
     14          #include "macros.h"
     15          
     16          //------------------------------------------------------------------------------
     17          //      Function name: Init_Ports
     18          //      Description: Initializes all ports 
     19          //      Global variables: NONE
     20          //      Local variables: NONE
     21          //      Return: VOID
     22          //------------------------------------------------------------------------------

   \                                 In  segment CODE, align 2
     23          void Init_Ports(void){
   \                     Init_Ports:
     24          	Init_Port1();
   \   000000   ........     CALLA   #Init_Port1
     25                  Init_Port2();
   \   000004   ........     CALLA   #Init_Port2
     26                  Init_Port3();
   \   000008   ........     CALLA   #Init_Port3
     27                  Init_Port4();
   \   00000C   ........     CALLA   #Init_Port4
     28                  Init_PortJ();
   \   000010   ........     CALLA   #Init_PortJ
     29                  Init_ADC();
   \   000014   ........     CALLA   #Init_ADC
     30          }
   \   000018   1001         RETA
     31          
     32          //------------------------------------------------------------------------------
     33          //      Function name: Init_Port_1 
     34          //      Description: Initializes Port 1
     35          //      Global variables: NONE
     36          //      Local variables: NONE
     37          //      Return: VOID
     38          //------------------------------------------------------------------------------

   \                                 In  segment CODE, align 2
     39          void Init_Port1(void){
   \                     Init_Port1:
     40            //---------------------------------------------------------------------
     41            // Pin Name   Function        P1DIR.x P1SEL1.x        P1SEL0.x
     42            // P1.0       I/O             0/1     0               0       
     43            //            TA0.CCI1A       0       0               1
     44            //            TA0.1           1       0               1
     45            //            DMAE0           0       1               0
     46            //            RTCCLK          1       1               0
     47            //            A0              X       1               1
     48            //            CD0             X       1               1
     49            //            VeREF           X       1               1
     50            // P1.1       I/O             0/1     0               0       
     51            //            TA0.CCI2A       0       0               1
     52            //            TA0.2           1       0               1
     53            //            TA1CLK          0       1               0
     54            //            CDOUT           1       1               0
     55            //            A1              X       1               1
     56            //            CD1             X       1               1
     57            //            VeREF           X       1               1
     58            // P1.2       I/O             0/1     0               0       
     59            //            TA1.CCI2A       0       0               1
     60            //            TA1.1           1       0               1
     61            //            TA0CLK          0       1               0
     62            //            CDOUT           1       1               0
     63            //            A2              X       1               1
     64            //            CD2             X       1               1
     65            // P1.3       I/O             0/1     0               0       
     66            //            TA1.CCI2A       0       0               1
     67            //            TA1.2           1       0               1
     68            //            UCB0STE         X       1               0
     69            //            A3              X       1               1       
     70            //            CD3             X       1               1
     71            // P1.4       I/O             0/1     0               0       
     72            //            TB0.CCI2A       0       0               1
     73            //            TB0.2           1       0               1
     74            //            UCA0STE         X       1               0
     75            //            A4              X       1               1       
     76            //            CD4             X       1               1
     77            // P1.5       I/O             0/1     0               0       
     78            //            TB0.CCI2A       0       0               1
     79            //            TB0.2           1       0               1
     80            //            UCA0CLK         X       1               0
     81            //            A5              X       1               1       
     82            //            CD5             X       1               1
     83            // P1.6       I/O             0/1     0               0
     84            //            TB1.CCI1A       0       0               1
     85            //            TB1.1           1       0               1
     86            //            UCB0SIMO/       X       1               0
     87            //             UCB0SDA
     88            //            TA0.CCI0A       0       1               1
     89            //            TA0.0           1       1               1       
     90            // P1.7       I/O             0/1     0               0
     91            //            TB1.CCI2A       0       0               1
     92            //            TB1.2           1       0               1
     93            //            UCB0SOMI/       X       1               0
     94            //             UCB0SCL
     95            //            TA1.CCI0A       0       1               1
     96            //            TA1.0           1       1               1  
     97            //---------------------------------------------------------------------
     98            //Configure Port 1
     99            //   V_DETECT_R      (0x01) 
    100            //   V_DETECT_L      (0x02) 
    101            //   IR_LED          (0x04) 
    102            //   V_THUMB         (0x08) 
    103            //   SPI_CS_LCD      (0x10) // LCD Chip Select
    104            //   RS_LCD          (0x20) // LCD SA0 H/L Slave Address
    105            //   SIMO_B          (0x40) // SPI mode - slave in/master out of USCI_B0
    106            //   SOMI_B          (0x80) // SPI mode - slave out/master in of USCI_B0
    107            //----------------------------------------------------------------------
    108            P1SEL0 = CLEAR_REGISTER;   // P1 set as I/0
   \   000000   C2430A02     MOV.B   #0x0, &0x20a
    109            P1SEL1 = CLEAR_REGISTER;   // P1 set as I/0
   \   000004   C2430C02     MOV.B   #0x0, &0x20c
    110            P1DIR = CLEAR_REGISTER;    // Set P1 direction to input
   \   000008   C2430402     MOV.B   #0x0, &0x204
    111            
    112            P1SEL0 |= V_DETECT_R;      // V_DETECT_R selected
   \   00000C   D2D30A02     BIS.B   #0x1, &0x20a
    113            P1SEL1 |= V_DETECT_R;      // V_DETECT_R selected
   \   000010   D2D30C02     BIS.B   #0x1, &0x20c
    114            P1OUT &= ~V_DETECT_R;      // Output is 0 
   \   000014   D2C30202     BIC.B   #0x1, &0x202
    115            P1DIR &= ~V_DETECT_R;      // DIR is 0
   \   000018   D2C30402     BIC.B   #0x1, &0x204
    116            
    117            P1SEL0 |= V_DETECT_L;     // V_DETECT_L selected
   \   00001C   E2D30A02     BIS.B   #0x2, &0x20a
    118            P1SEL1 |= V_DETECT_L;     // V_DETECT_L selected
   \   000020   E2D30C02     BIS.B   #0x2, &0x20c
    119            P1OUT &= ~V_DETECT_L;     // Output is 0 
   \   000024   E2C30202     BIC.B   #0x2, &0x202
    120            P1DIR &= ~V_DETECT_L;     // DIR is 0
   \   000028   E2C30402     BIC.B   #0x2, &0x204
    121            
    122            P1SEL0 &= ~IR_LED;        // IR_LED GPI/O selected
   \   00002C   E2C20A02     BIC.B   #0x4, &0x20a
    123            P1SEL1 &= ~IR_LED;        // IR_LED GPI/O selected
   \   000030   E2C20C02     BIC.B   #0x4, &0x20c
    124            P1OUT |= IR_LED;          // P1 IR_LED Port Pin set low
   \   000034   E2D20202     BIS.B   #0x4, &0x202
    125            P1DIR |= IR_LED;          // Set P1 IR_LED direction to output
   \   000038   E2D20402     BIS.B   #0x4, &0x204
    126            
    127            P1SEL0 |= V_THUMB;        // V_THUMB selected
   \   00003C   F2D20A02     BIS.B   #0x8, &0x20a
    128            P1SEL1 |= V_THUMB;        // V_THUMB selected
   \   000040   F2D20C02     BIS.B   #0x8, &0x20c
    129            P1OUT &= ~V_THUMB;        // Output is 0 
   \   000044   F2C20202     BIC.B   #0x8, &0x202
    130            P1DIR &= ~V_THUMB;        // DIR is 0 
   \   000048   F2C20402     BIC.B   #0x8, &0x204
    131            
    132            P1SEL0 &= ~SPI_CS_LCD;    // SPI_CS_LCD GPI/O selected
   \   00004C   F2C010000A02 BIC.B   #0x10, &0x20a
    133            P1SEL1 &= ~SPI_CS_LCD;    // SPI_CS_LCD GPI/O selected
   \   000052   F2C010000C02 BIC.B   #0x10, &0x20c
    134            P1OUT |= SPI_CS_LCD;      // P1 SPI_CS_LCD Port Pin set high
   \   000058   F2D010000202 BIS.B   #0x10, &0x202
    135            P1DIR |= SPI_CS_LCD;      // Set SPI_CS_LCD output direction
   \   00005E   F2D010000402 BIS.B   #0x10, &0x204
    136            
    137            P1SEL0 &= ~RS_LCD;        // RS_LCD GPI/O selected
   \   000064   F2C020000A02 BIC.B   #0x20, &0x20a
    138            P1SEL1 &= ~RS_LCD;        // RS_LCD GPI/O selected  
   \   00006A   F2C020000C02 BIC.B   #0x20, &0x20c
    139            P1OUT &= ~RS_LCD;         // P1 SA0_LCD Port Pin set low
   \   000070   F2C020000202 BIC.B   #0x20, &0x202
    140            P1DIR |= RS_LCD;          // Set SA0_LCD output direction
   \   000076   F2D020000402 BIS.B   #0x20, &0x204
    141            
    142            P1SEL0 &= ~SPI_SIMO;      // SIMO_B selected
   \   00007C   F2C040000A02 BIC.B   #0x40, &0x20a
    143            P1SEL1 |= SPI_SIMO;       // SIMO_B selected
   \   000082   F2D040000C02 BIS.B   #0x40, &0x20c
    144            P1OUT &= ~SPI_SIMO;       // Output is 0
   \   000088   F2C040000202 BIC.B   #0x40, &0x202
    145            P1DIR |= SPI_SIMO;        // SIMO_B set to Output
   \   00008E   F2D040000402 BIS.B   #0x40, &0x204
    146            
    147            P1SEL0 &= ~SPI_SOMI;      // SOMI_B is used on the LCD
   \   000094   F2C080000A02 BIC.B   #0x80, &0x20a
    148            P1SEL1 |= SPI_SOMI;       // SOMI_B is used on the LCD
   \   00009A   F2D080000C02 BIS.B   #0x80, &0x20c
    149            P1OUT &= ~SPI_SOMI;       // SOMI_B is not set to output 
   \   0000A0   F2C080000202 BIC.B   #0x80, &0x202
    150            P1DIR &= ~SPI_SOMI;       // SOMI_B set to Input
   \   0000A6   F2C080000402 BIC.B   #0x80, &0x204
    151            P1REN |= SPI_SOMI;         // Enable pullup resistor
   \   0000AC   F2D080000602 BIS.B   #0x80, &0x206
    152          }
   \   0000B2   1001         RETA
   \   0000B4                REQUIRE _A_PASEL0_L
   \   0000B4                REQUIRE _A_PASEL1_L
   \   0000B4                REQUIRE _A_PADIR_L
   \   0000B4                REQUIRE _A_PAOUT_L
   \   0000B4                REQUIRE _A_PAREN_L
    153          
    154          //------------------------------------------------------------------------------
    155          //      Function name: Init_Port_2 
    156          //      Description: Initializes Port 2
    157          //      Global variables: NONE
    158          //      Local variables: NONE
    159          //      Return: VOID
    160          //------------------------------------------------------------------------------

   \                                 In  segment CODE, align 2
    161          void Init_Port2(void){
   \                     Init_Port2:
    162            //---------------------------------------------------------------------
    163            // Pin Name   Function        P2DIR.x    P2SEL1.x        P2SEL0.x
    164            // P2.0       I/0             0/1        0               0
    165            //            TB2.CCI0A       0          0               1
    166            //            TB2.0           1          0               1
    167            //            UCA0TXD/        X          1               0
    168            //             UCA0SIMO
    169            //            TB0CLK          0          1               1
    170            //            ACLK            1          1               1
    171            // P2.1       I/0             0/1        0               0
    172            //            TB2.CCI1A       0          0               1
    173            //            TB2.1           1          0               1
    174            //            UCA0RXD/        X          1               0
    175            //             UCA0SOMI
    176            //            TB0.CCI0A       0          1               1
    177            //            TB0.0           1          1               1
    178            // P2.2       I/0             0/1        0               0
    179            //            TB2.CCI2A       0          0               1
    180            //            TB2.2           1          0               1
    181            //            UCB0CLK         X          1               0
    182            //            TB1.CCI0A       0          1               1
    183            //            TB1.0           1          1               1
    184            // P2.3       I/O             0/1        0               0
    185            //            TA0.CCI0B       0          0               1
    186            //            TA0.0           1          0               1
    187            //            UCA1STE         X          1               0 
    188            //            A6              X          1               1
    189            //            CD10            X          1               1 
    190            // P2.4       I/O             0/1        0               0
    191            //            TA1.CCI0B       0          0               1
    192            //            TA1.0           1          0               1
    193            //            UCA1CLK         X          1               0 
    194            //            A7              X          1               1
    195            //            CD11            X          1               1 
    196            // P2.5       I/O             0/1        0               0
    197            //            TB0.CCI0B       0          0               1 
    198            //            TB0.0           1          0               1
    199            //            UCA1TXD/        X          1               0
    200            //             UCA1SIMO
    201            // P2.6       I/O             0/1        0               0
    202            //            TB1.CCI0B       0          0               1 
    203            //            TB1.0           1          0               1
    204            //            UCA1RXD/        X          1               0
    205            //             UCA1SOMI
    206            // P2.7       I/0             0/1        0               0 
    207            //---------------------------------------------------------------------
    208            P2SEL0 = CLEAR_REGISTER; 
   \   000000   C2430B02     MOV.B   #0x0, &0x20b
    209            P2SEL1 = CLEAR_REGISTER;
   \   000004   C2430D02     MOV.B   #0x0, &0x20d
    210            P2OUT = CLEAR_REGISTER;
   \   000008   C2430302     MOV.B   #0x0, &0x203
    211            P2DIR = CLEAR_REGISTER; 
   \   00000C   C2430502     MOV.B   #0x0, &0x205
    212              
    213            // P2.0 USB_TXD 
    214            P2SEL0 &= ~USB_TXD;
   \   000010   D2C30B02     BIC.B   #0x1, &0x20b
    215            P2SEL1 |= USB_TXD; 
   \   000014   D2D30D02     BIS.B   #0x1, &0x20d
    216            P2OUT &= ~USB_TXD; 
   \   000018   D2C30302     BIC.B   #0x1, &0x203
    217            P2DIR |= USB_TXD; 
   \   00001C   D2D30502     BIS.B   #0x1, &0x205
    218              
    219            // P2.1 USB_RXD
    220            P2SEL0 &= ~USB_RXD;
   \   000020   E2C30B02     BIC.B   #0x2, &0x20b
    221            P2SEL1 |= USB_RXD;
   \   000024   E2D30D02     BIS.B   #0x2, &0x20d
    222            P2OUT &= ~USB_TXD; 
   \   000028   D2C30302     BIC.B   #0x1, &0x203
    223            P2DIR &= ~USB_RXD;
   \   00002C   E2C30502     BIC.B   #0x2, &0x205
    224            
    225            // P2.2 SPI_SCK
    226            P2SEL0 &= ~SPI_SCK;
   \   000030   E2C20B02     BIC.B   #0x4, &0x20b
    227            P2SEL1 |= SPI_SCK;
   \   000034   E2D20D02     BIS.B   #0x4, &0x20d
    228            P2OUT |= SPI_SCK;
   \   000038   E2D20302     BIS.B   #0x4, &0x203
    229            P2DIR |= SPI_SCK; 
   \   00003C   E2D20502     BIS.B   #0x4, &0x205
    230            
    231            // P2.3 UNKNOWN
    232            P2SEL0 &= ~UNK_P23;
   \   000040   F2C20B02     BIC.B   #0x8, &0x20b
    233            P2SEL1 &= ~UNK_P23;
   \   000044   F2C20D02     BIC.B   #0x8, &0x20d
    234            P2OUT &= ~UNK_P23;
   \   000048   F2C20302     BIC.B   #0x8, &0x203
    235            P2DIR |= UNK_P23;
   \   00004C   F2D20502     BIS.B   #0x8, &0x205
    236            P2REN &= ~UNK_P23; 
   \   000050   F2C20702     BIC.B   #0x8, &0x207
    237            
    238            // P2.4 UNKNOWN
    239            P2SEL0 &= ~UNK_P24;
   \   000054   F2C010000B02 BIC.B   #0x10, &0x20b
    240            P2SEL1 &= ~UNK_P24;
   \   00005A   F2C010000D02 BIC.B   #0x10, &0x20d
    241            P2OUT &= ~UNK_P24;
   \   000060   F2C010000302 BIC.B   #0x10, &0x203
    242            P2DIR |= UNK_P24;
   \   000066   F2D010000502 BIS.B   #0x10, &0x205
    243            P2REN &= ~UNK_P24;
   \   00006C   F2C010000702 BIC.B   #0x10, &0x207
    244            
    245            // P2.5 CPU_TXD
    246            P2SEL0 &= ~CPU_TXD;
   \   000072   F2C020000B02 BIC.B   #0x20, &0x20b
    247            P2SEL1 |= CPU_TXD;
   \   000078   F2D020000D02 BIS.B   #0x20, &0x20d
    248            P2OUT &= ~CPU_TXD; 
   \   00007E   F2C020000302 BIC.B   #0x20, &0x203
    249            P2DIR |= CPU_TXD; 
   \   000084   F2D020000502 BIS.B   #0x20, &0x205
    250            
    251            // P2.6 CPU_RXD
    252            P2SEL0 &= ~CPU_RXD;
   \   00008A   F2C040000B02 BIC.B   #0x40, &0x20b
    253            P2SEL1 |= CPU_RXD;
   \   000090   F2D040000D02 BIS.B   #0x40, &0x20d
    254            P2OUT &= ~CPU_RXD;
   \   000096   F2C040000302 BIC.B   #0x40, &0x203
    255            P2DIR &= ~CPU_RXD; 
   \   00009C   F2C040000502 BIC.B   #0x40, &0x205
    256            
    257            // P2.7 UNKNOWN 
    258            P2SEL0 &= ~UNK_P27;
   \   0000A2   F2C080000B02 BIC.B   #0x80, &0x20b
    259            P2SEL1 &= ~UNK_P27;
   \   0000A8   F2C080000D02 BIC.B   #0x80, &0x20d
    260            P2OUT &= ~UNK_P27;
   \   0000AE   F2C080000302 BIC.B   #0x80, &0x203
    261            P2DIR |= UNK_P27;
   \   0000B4   F2D080000502 BIS.B   #0x80, &0x205
    262            P2REN &= ~UNK_P27; 
   \   0000BA   F2C080000702 BIC.B   #0x80, &0x207
    263          }
   \   0000C0   1001         RETA
   \   0000C2                REQUIRE _A_PASEL0_L
   \   0000C2                REQUIRE _A_PASEL1_L
   \   0000C2                REQUIRE _A_PAOUT_L
   \   0000C2                REQUIRE _A_PADIR_L
   \   0000C2                REQUIRE _A_PAREN_L
    264          
    265          //------------------------------------------------------------------------------
    266          //      Function name: Init_Port_3 
    267          //      Description: Initializes Port 3
    268          //      Global variables: NONE
    269          //      Local variables: NONE
    270          //      Return: VOID
    271          //------------------------------------------------------------------------------

   \                                 In  segment CODE, align 2
    272          void Init_Port3(void){
   \                     Init_Port3:
    273            //---------------------------------------------------------------------
    274            // Pin Name   Function        P3DIR.x P3SEL1.x        P3SEL0.x
    275            // P3.0       I/0             0/1     0               0
    276            //            A12             X       1               1
    277            //            CD12            X       1               1
    278            // P3.1       I/0             0/1     0               0
    279            //            A13             X       1               1
    280            //            CD13            X       1               1
    281            // P3.2       I/0             0/1     0               0
    282            //            A14             X       1               1
    283            //            CD14            X       1               1
    284            // P3.3       I/0             0/1     0               0
    285            //            A15             X       1               1
    286            //            CD15            X       1               1
    287            // P3.4       I/O             0/1     0               0
    288            //            TB1.CCI1B       0       0               1
    289            //            TB1.1           1       0               1
    290            //            TB2CLK          0       1               1
    291            //            SMCLK           1       1               1
    292            // P3.5       I/O             0/1     0               0
    293            //            TB1.CCI2B       0       0               1
    294            //            TB1.2           1       0               1
    295            //            CDOUT           1       1               1
    296            // P3.6       I/O             0/1     0               0
    297            //            TB2.CCI1B       0       0               1
    298            //            TB2.1           1       0               1
    299            //            TB1CLK          1       1               1
    300            // P3.7       I/O             0/1     0               0
    301            //            TB2.CCI2B       0       0               1
    302            //            TB2.2           1       0               1
    303            //---------------------------------------------------------------------
    304            P3SEL0 = CLEAR_REGISTER; 
   \   000000   C2432A02     MOV.B   #0x0, &0x22a
    305            P3SEL1 = CLEAR_REGISTER;
   \   000004   C2432C02     MOV.B   #0x0, &0x22c
    306            P3OUT = CLEAR_REGISTER; 
   \   000008   C2432202     MOV.B   #0x0, &0x222
    307            P3DIR = CLEAR_REGISTER;  
   \   00000C   C2432402     MOV.B   #0x0, &0x224
    308            
    309            // P3.0 X
    310            P3SEL0 &= ~P3X; 
   \   000010   D2C32A02     BIC.B   #0x1, &0x22a
    311            P3SEL1 &= ~P3X;
   \   000014   D2C32C02     BIC.B   #0x1, &0x22c
    312            P3OUT &= ~P3X; 
   \   000018   D2C32202     BIC.B   #0x1, &0x222
    313            P3DIR &= ~P3X; 
   \   00001C   D2C32402     BIC.B   #0x1, &0x224
    314            P3REN &= ~P3X; 
   \   000020   D2C32602     BIC.B   #0x1, &0x226
    315            
    316            // P3.1 Y
    317            P3SEL0 &= ~P3Y; 
   \   000024   E2C32A02     BIC.B   #0x2, &0x22a
    318            P3SEL1 &= ~P3Y;
   \   000028   E2C32C02     BIC.B   #0x2, &0x22c
    319            P3OUT &= ~P3Y; 
   \   00002C   E2C32202     BIC.B   #0x2, &0x222
    320            P3DIR &= ~P3Y; 
   \   000030   E2C32402     BIC.B   #0x2, &0x224
    321            P3REN &= ~P3Y;
   \   000034   E2C32602     BIC.B   #0x2, &0x226
    322            
    323            // P3.2 Z 
    324            P3SEL0 &= ~P3Z; 
   \   000038   E2C22A02     BIC.B   #0x4, &0x22a
    325            P3SEL1 &= ~P3Z;
   \   00003C   E2C22C02     BIC.B   #0x4, &0x22c
    326            P3OUT &= ~P3Z;
   \   000040   E2C22202     BIC.B   #0x4, &0x222
    327            P3DIR &= ~P3Z; 
   \   000044   E2C22402     BIC.B   #0x4, &0x224
    328            P3REN &= ~P3Z; 
   \   000048   E2C22602     BIC.B   #0x4, &0x226
    329            
    330            // P3.3 LCD_BACKLITE
    331            P3SEL0 &= ~LCD_BACKLITE; 
   \   00004C   F2C22A02     BIC.B   #0x8, &0x22a
    332            P3SEL1 &= ~LCD_BACKLITE;
   \   000050   F2C22C02     BIC.B   #0x8, &0x22c
    333            P3OUT &= ~LCD_BACKLITE; 
   \   000054   F2C22202     BIC.B   #0x8, &0x222
    334            P3DIR |= LCD_BACKLITE;
   \   000058   F2D22402     BIS.B   #0x8, &0x224
    335            
    336            // P3.4 R_FORWARD
    337            P3SEL0 &= ~LED5; 
   \   00005C   F2C010002A02 BIC.B   #0x10, &0x22a
    338            P3SEL1 &= ~LED5;
   \   000062   F2C010002C02 BIC.B   #0x10, &0x22c
    339            P3OUT &= ~LED5; 
   \   000068   F2C010002202 BIC.B   #0x10, &0x222
    340            P3DIR |= LED5;
   \   00006E   F2D010002402 BIS.B   #0x10, &0x224
    341            
    342            // P3.5 R_REVERSE
    343            P3SEL0 &= ~LED6; 
   \   000074   F2C020002A02 BIC.B   #0x20, &0x22a
    344            P3SEL1 &= ~LED6;
   \   00007A   F2C020002C02 BIC.B   #0x20, &0x22c
    345            P3OUT &= ~LED6; 
   \   000080   F2C020002202 BIC.B   #0x20, &0x222
    346            P3DIR |= LED6;
   \   000086   F2D020002402 BIS.B   #0x20, &0x224
    347            
    348            // P3.6 L_FORWARD
    349            P3SEL0 &= ~LED7; 
   \   00008C   F2C040002A02 BIC.B   #0x40, &0x22a
    350            P3SEL1 &= ~LED7;
   \   000092   F2C040002C02 BIC.B   #0x40, &0x22c
    351            P3OUT &= ~LED7;
   \   000098   F2C040002202 BIC.B   #0x40, &0x222
    352            P3DIR |= LED7;
   \   00009E   F2D040002402 BIS.B   #0x40, &0x224
    353            
    354            // P3.7 L_REVERSE 
    355            P3SEL0 &= ~LED8; 
   \   0000A4   F2C080002A02 BIC.B   #0x80, &0x22a
    356            P3SEL1 &= ~LED8;
   \   0000AA   F2C080002C02 BIC.B   #0x80, &0x22c
    357            P3OUT &= ~LED8;
   \   0000B0   F2C080002202 BIC.B   #0x80, &0x222
    358            P3DIR |= LED8;
   \   0000B6   F2D080002402 BIS.B   #0x80, &0x224
    359          }
   \   0000BC   1001         RETA
   \   0000BE                REQUIRE _A_PBSEL0_L
   \   0000BE                REQUIRE _A_PBSEL1_L
   \   0000BE                REQUIRE _A_PBOUT_L
   \   0000BE                REQUIRE _A_PBDIR_L
   \   0000BE                REQUIRE _A_PBREN_L
    360          
    361          //------------------------------------------------------------------------------
    362          //      Function name: Init_Port_4 
    363          //      Description: Initializes Port 4
    364          //      Global variables: NONE
    365          //      Local variables: NONE
    366          //      Return: VOID
    367          //------------------------------------------------------------------------------

   \                                 In  segment CODE, align 2
    368          void Init_Port4(void){
   \                     Init_Port4:
    369            //---------------------------------------------------------------------
    370            // Pin Name   Function        P4DIR.x P4SEL1.x        P4SEL0.x
    371            // P4.0       I/O             0/1     0               0
    372            //            TB2.CCI0B       0       0               1
    373            //            TB2.0           1       0               1
    374            // P4.1       I/O             0/1     0               0
    375            //---------------------------------------------------------------------
    376            // Configure PORT 4
    377            // Port 4 has only two pins
    378            // Port 4 Pins
    379            // SW1         (0x01)        // Switch 1
    380            // SW2         (0x02)        // Switch 2
    381            //---------------------------------------------------------------------
    382            P4SEL0 = CLEAR_REGISTER;     // P4 set as I/0
   \   000000   C2432B02     MOV.B   #0x0, &0x22b
    383            P4SEL1 = CLEAR_REGISTER;     // P4 set as I/0
   \   000004   C2432D02     MOV.B   #0x0, &0x22d
    384            P4DIR = CLEAR_REGISTER;      // Set P4 direction to input
   \   000008   C2432502     MOV.B   #0x0, &0x225
    385            P4OUT = CLEAR_REGISTER; 
   \   00000C   C2432302     MOV.B   #0x0, &0x223
    386            
    387            // Switch1 (SW1)
    388            P4SEL0 &= ~SW1;              // SW1 set as I/0
   \   000010   D2C32B02     BIC.B   #0x1, &0x22b
    389            P4SEL1 &= ~SW1;              // SW1 set as I/0
   \   000014   D2C32D02     BIC.B   #0x1, &0x22d
    390            P4OUT |= SW1;                // Configure pullup resistor
   \   000018   D2D32302     BIS.B   #0x1, &0x223
    391            P4DIR &= ~SW1;               // Direction = input
   \   00001C   D2C32502     BIC.B   #0x1, &0x225
    392            P4REN |= SW1;                // Enable pullup resistor
   \   000020   D2D32702     BIS.B   #0x1, &0x227
    393            
    394            // Switch2 (SW2)
    395            P4SEL0 &= ~SW2;              // SW2 set as I/0
   \   000024   E2C32B02     BIC.B   #0x2, &0x22b
    396            P4SEL1 &= ~SW2;              // SW2 set as I/0
   \   000028   E2C32D02     BIC.B   #0x2, &0x22d
    397            P4OUT |= SW2;                // Configure pullup resistor
   \   00002C   E2D32302     BIS.B   #0x2, &0x223
    398            P4DIR &= ~SW2;               // Direction = input
   \   000030   E2C32502     BIC.B   #0x2, &0x225
    399            P4REN |= SW2;                // Enable pullup resistor
   \   000034   E2D32702     BIS.B   #0x2, &0x227
    400          
    401          /*  
    402            // Interrupt Configuration
    403            //  P4IES |= SW1; // SW1 Hi/Lo edge interrupt
    404            //  P4IES |= SW2; // SW2 Hi/Lo edge interrupt
    405            //  P4IFG &= ~SW1; // IFG SW1 cleared 
    406            //  P4IFG &= ~SW2; // IFG SW2 cleared 
    407          
    408            // Enabling Interrupt 
    409            //  P4IE |= SW1;  // SW1 interrupt enabled   
    410            //  P4IE |= SW2;  // SW2 interrupt enabled 
    411          */
    412          }
   \   000038   1001         RETA
   \   00003A                REQUIRE _A_PBSEL0_L
   \   00003A                REQUIRE _A_PBSEL1_L
   \   00003A                REQUIRE _A_PBDIR_L
   \   00003A                REQUIRE _A_PBOUT_L
   \   00003A                REQUIRE _A_PBREN_L
    413          
    414          //------------------------------------------------------------------------------
    415          //      Function name: Init_Port_J 
    416          //      Description: Initializes Port J
    417          //      Global variables: NONE
    418          //      Local variables: NONE
    419          //      Return: VOID
    420          //------------------------------------------------------------------------------

   \                                 In  segment CODE, align 2
    421          void Init_PortJ(void){
   \                     Init_PortJ:
    422            //----------------------------------------------------------------------
    423            // Pin Name   Function        PJDIR.x PJSEL1.x        PJSEL0.x
    424            // PJ.0       I/O             0/1     0               0
    425            //            TD0             X       X               X
    426            //            TB0OUTH         0       0               1
    427            //            SMCLK           1       0               1
    428            //            CD6             X       1               1
    429            // PJ.1       I/O             0/1     0               0
    430            //            TDI/TCLK        X       X               X
    431            //            TB1OUTH         0       0               1
    432            //            MCLK            1       0               1
    433            //            CD7             X       1               1
    434            // PJ.2       I/O             0/1     0               0
    435            //            TMS             X       X               X
    436            //            TB2OUTH         0       0               1
    437            //            ACLK            1       0               1
    438            //            CD8             X       1               1
    439            // PJ.3       I/O             0/1     0               0
    440            //            TCK             X       X               X
    441            //            CD9             X       1               1       
    442            //----------------------------------------------------------------------
    443            // Port J Pins
    444            // LED1       (0x01) 
    445            // LED2       (0x02) 
    446            // LED3       (0x04) 
    447            // LED4       (0x08) 
    448            // XINR       (0x10)
    449            // XOUTR      (0x20)
    450            //----------------------------------------------------------------------
    451            PJSEL0 = CLEAR_REGISTER;       // PJ set as I/0
   \   000000   82432A03     MOV.W   #0x0, &0x32a
    452            PJSEL1 = CLEAR_REGISTER;       // PJ set as I/0
   \   000004   82432C03     MOV.W   #0x0, &0x32c
    453            PJOUT = CLEAR_REGISTER; 
   \   000008   82432203     MOV.W   #0x0, &0x322
    454            PJDIR = CLEAR_REGISTER;        // Set PJ direction to output
   \   00000C   82432403     MOV.W   #0x0, &0x324
    455            
    456            PJSEL0 &= ~IOT_FACTORY;
   \   000010   92C32A03     BIC.W   #0x1, &0x32a
    457            PJSEL1 &= ~IOT_FACTORY;
   \   000014   92C32C03     BIC.W   #0x1, &0x32c
    458            PJOUT &= ~IOT_FACTORY;
   \   000018   92C32203     BIC.W   #0x1, &0x322
    459            PJDIR |= IOT_FACTORY;          // Set PJ Pin 1 direction to output
   \   00001C   92D32403     BIS.W   #0x1, &0x324
    460            
    461            PJSEL0 &= ~IOT_WAKEUP;
   \   000020   A2C32A03     BIC.W   #0x2, &0x32a
    462            PJSEL1 &= ~IOT_WAKEUP;
   \   000024   A2C32C03     BIC.W   #0x2, &0x32c
    463            PJOUT &= ~IOT_WAKEUP;
   \   000028   A2C32203     BIC.W   #0x2, &0x322
    464            PJDIR |= IOT_WAKEUP;           // Set PJ Pin 2 direction to output
   \   00002C   A2D32403     BIS.W   #0x2, &0x324
    465            
    466            PJSEL0 &= ~IOT_STA_MINIAP;
   \   000030   A2C22A03     BIC.W   #0x4, &0x32a
    467            PJSEL1 &= ~IOT_STA_MINIAP;
   \   000034   A2C22C03     BIC.W   #0x4, &0x32c
    468            PJOUT &= ~IOT_STA_MINIAP;
   \   000038   A2C22203     BIC.W   #0x4, &0x322
    469            PJDIR |= IOT_STA_MINIAP;       // Set PJ Pin 3 direction to output
   \   00003C   A2D22403     BIS.W   #0x4, &0x324
    470            
    471            PJSEL0 &= ~RESET;
   \   000040   B2C22A03     BIC.W   #0x8, &0x32a
    472            PJSEL1 &= ~RESET;
   \   000044   B2C22C03     BIC.W   #0x8, &0x32c
    473            PJOUT &= ~RESET;
   \   000048   B2C22203     BIC.W   #0x8, &0x322
    474            PJDIR |= RESET;               // Set P3 Pin 4 direction to output
   \   00004C   B2D22403     BIS.W   #0x8, &0x324
    475            
    476            // XT1 Setup
    477            PJSEL0 |= XINR;
   \   000050   B2D010002A03 BIS.W   #0x10, &0x32a
    478            PJSEL0 |= XOUTR;
   \   000056   B2D020002A03 BIS.W   #0x20, &0x32a
    479            PJOUT &= ~IOT_FACTORY;
   \   00005C   92C32203     BIC.W   #0x1, &0x322
    480            PJOUT |= IOT_WAKEUP;
   \   000060   A2D32203     BIS.W   #0x2, &0x322
    481            PJOUT |= IOT_STA_MINIAP;
   \   000064   A2D22203     BIS.W   #0x4, &0x322
    482            PJOUT &= ~RESET;
   \   000068   B2C22203     BIC.W   #0x8, &0x322
    483          }
   \   00006C   1001         RETA
   \   00006E                REQUIRE _A_PJSEL0_L
   \   00006E                REQUIRE _A_PJSEL1_L
   \   00006E                REQUIRE _A_PJOUT_L
   \   00006E                REQUIRE _A_PJDIR_L
    484          
    485          //------------------------------------------------------------------------------
    486          //      Function name: Init_ADC 
    487          //      Description: Initializes ADC Configuration 
    488          //      Global variables: NONE
    489          //      Local variables: NONE
    490          //      Return: VOID
    491          //------------------------------------------------------------------------------

   \                                 In  segment CODE, align 2
    492          void Init_ADC(void){
   \                     Init_ADC:
    493             ADC10CTL0 = CLEAR_REGISTER; // Clear ADC10CTL0
   \   000000   82430007     MOV.W   #0x0, &0x700
    494             ADC10CTL0 |= ADC10SHT_2;    // 16 ADC clocks
   \   000004   B2D000020007 BIS.W   #0x200, &0x700
    495             ADC10CTL0 &= ~ADC10MSC;     // Single Sequence
   \   00000A   B2C080000007 BIC.W   #0x80, &0x700
    496             ADC10CTL0 |= ADC10ON;       // ADC ON - Core Enabled
   \   000010   B2D010000007 BIS.W   #0x10, &0x700
    497             
    498             ADC10CTL1 = CLEAR_REGISTER; // Clear ADC10CTL1
   \   000016   82430207     MOV.W   #0x0, &0x702
    499             ADC10CTL1 |= ADC10SHS_0;    // ADC10SC bit
   \   00001A   924202070207 MOV.W   &0x702, &0x702
    500             ADC10CTL1 |= ADC10SHP;      // SAMPCON signal sourced from sampling timer
   \   000020   B2D000020207 BIS.W   #0x200, &0x702
    501             ADC10CTL1 &= ~ADC10ISSH;    // The sample-input signal is not inverted.
   \   000026   B2C000010207 BIC.W   #0x100, &0x702
    502             ADC10CTL1 |= ADC10DIV_0;    // ADC10_B clock divider – Divide by 1.
   \   00002C   924202070207 MOV.W   &0x702, &0x702
    503             ADC10CTL1 |= ADC10SSEL_0;   // MODCLK
   \   000032   924202070207 MOV.W   &0x702, &0x702
    504             ADC10CTL1 |= ADC10CONSEQ_0; // Single-channel, single-conversion
   \   000038   924202070207 MOV.W   &0x702, &0x702
    505             
    506             ADC10CTL2 = CLEAR_REGISTER; // Clear ADC10CTL2
   \   00003E   82430407     MOV.W   #0x0, &0x704
    507             ADC10CTL2 |= ADC10DIV_0;    // Pre-divide by 1
   \   000042   924204070407 MOV.W   &0x704, &0x704
    508             ADC10CTL2 |= ADC10RES;      // 10-bit resolution
   \   000048   B2D010000407 BIS.W   #0x10, &0x704
    509             ADC10CTL2 &= ~ADC10DF;      // Binary unsigned
   \   00004E   B2C20407     BIC.W   #0x8, &0x704
    510             ADC10CTL2 &= ~ADC10SR;      // supports up to approximately 200 ksps
   \   000052   A2C20407     BIC.W   #0x4, &0x704
    511             
    512             ADC10MCTL0 = CLEAR_REGISTER; // Clear ADC10MCTL0
   \   000056   82430A07     MOV.W   #0x0, &0x70a
    513             ADC10MCTL0 |= ADC10SREF_0;  // V(R+) = AVCC and V(R-) = AVSS
   \   00005A   92420A070A07 MOV.W   &0x70a, &0x70a
    514             ADC10MCTL0 |= ADC10INCH_3;  // Channel A3 Thumb Wheel
   \   000060   B2D003000A07 BIS.W   #0x3, &0x70a
    515             
    516             ADC10IE |= ADC10IE0;        // Enable ADC conversion complete interrupt
   \   000066   92D31A07     BIS.W   #0x1, &0x71a
    517          }
   \   00006A   1001         RETA
   \   00006C                REQUIRE _A_ADC10CTL0_L
   \   00006C                REQUIRE _A_ADC10CTL1_L
   \   00006C                REQUIRE _A_ADC10CTL2_L
   \   00006C                REQUIRE _A_ADC10MCTL0_L
   \   00006C                REQUIRE _A_ADC10IE_L

   Maximum stack usage in bytes:

   CSTACK Function
   ------ --------
      4   Init_ADC
      4   Init_Port1
      4   Init_Port2
      4   Init_Port3
      4   Init_Port4
      4   Init_PortJ
      4   Init_Ports
        4   -> Init_ADC
        4   -> Init_Port1
        4   -> Init_Port2
        4   -> Init_Port3
        4   -> Init_Port4
        4   -> Init_PortJ


   Segment part sizes:

   Bytes  Function/Label
   -----  --------------
     108  Init_ADC
     180  Init_Port1
     194  Init_Port2
     190  Init_Port3
      58  Init_Port4
     110  Init_PortJ
      26  Init_Ports
       2  _A_ADC10CTL0_L
       2  _A_ADC10CTL1_L
       2  _A_ADC10CTL2_L
       2  _A_ADC10IE_L
       2  _A_ADC10MCTL0_L
       2  _A_PADIR_L
       2  _A_PAOUT_L
       2  _A_PAREN_L
       2  _A_PASEL0_L
       2  _A_PASEL1_L
       2  _A_PBDIR_L
       2  _A_PBOUT_L
       2  _A_PBREN_L
       2  _A_PBSEL0_L
       2  _A_PBSEL1_L
       2  _A_PJDIR_L
       2  _A_PJOUT_L
       2  _A_PJSEL0_L
       2  _A_PJSEL1_L

 
 866 bytes in segment CODE
  38 bytes in segment DATA16_AN
 
 866 bytes of CODE memory
   0 bytes of DATA memory (+ 38 bytes shared)

Errors: none
Warnings: none
