###############################################################################
#
# IAR UBROF Linker V10.15.2.1487                          17/Feb/2025  14:31:37
# Copyright 1987-2023 IAR Systems AB.
#
#    Target Cpu    =  MSP430
#    Map file      =
#        "C:\Users\rache\Desktop\BareMetal_IoTCar\Debug\List\Project 08.map"
#    Output file 1 =
#        "C:\Users\rache\Desktop\BareMetal_IoTCar\Debug\Exe\Project 08.d43"
#                  =  Format: debug
#                  =  UBROF version 11.1.1
#                  =  Using library modules for C-SPY (-rt)
#    Command line  =
#        -f "C:\Users\rache\Desktop\BareMetal_IoTCar\Debug\Exe\Project
#        08.d43.rsp"
#        (C:\Users\rache\Desktop\BareMetal_IoTCar\Debug\Obj\clocks.r43
#        C:\Users\rache\Desktop\BareMetal_IoTCar\Debug\Obj\display.r43
#        C:\Users\rache\Desktop\BareMetal_IoTCar\Debug\Obj\init.r43
#        C:\Users\rache\Desktop\BareMetal_IoTCar\Debug\Obj\interrupts.r43
#        C:\Users\rache\Desktop\BareMetal_IoTCar\Debug\Obj\IOT.r43
#        C:\Users\rache\Desktop\BareMetal_IoTCar\LCD.r43
#        C:\Users\rache\Desktop\BareMetal_IoTCar\Debug\Obj\main.r43
#        C:\Users\rache\Desktop\BareMetal_IoTCar\Debug\Obj\motor_control.r43
#        C:\Users\rache\Desktop\BareMetal_IoTCar\Debug\Obj\ports.r43
#        C:\Users\rache\Desktop\BareMetal_IoTCar\Debug\Obj\switch.r43
#        C:\Users\rache\Desktop\BareMetal_IoTCar\Debug\Obj\system.r43
#        C:\Users\rache\Desktop\BareMetal_IoTCar\timersB2.r43 --output
#        "C:\Users\rache\Desktop\BareMetal_IoTCar\Debug\Exe\Project 08.d43" -l
#        "C:\Users\rache\Desktop\BareMetal_IoTCar\Debug\List\Project 08.map"
#        -xaesni "-IC:\Program Files\IAR Systems\Embedded Workbench
#        9.1\430\LIB\\" --f "C:\Program Files\IAR Systems\Embedded Workbench
#        9.1\430\config\linker\lnk430fr5739.xcl" (-cmsp430 -QCODE_I=CODE_ID
#        -QTLS16_I=TLS16_ID -D__iar_HWMUL=4C0 "-Z(CONST)INFO=1800-18FF"
#        "-Z(CONST)INFOA=1880-18FF" "-Z(CONST)INFOB=1800-187F"
#        "-Z(DATA)DATA16_I,DATA16_Z,DATA16_N,TLS16_I=1C00-1FFF"
#        "-Z(DATA)CODE_I" "-Z(DATA)DATA20_I,DATA20_Z,DATA20_N"
#        "-Z(DATA)CSTACK+_STACK_SIZE#" "-Z(CONST)DATA16_P,DATA20_P=C200-FF7F"
#        "-Z(DATA)DATA16_HEAP+_DATA16_HEAP_SIZE,DATA20_HEAP+_DATA20_HEAP_SIZE"
#        "-Z(CONST)MPU_B1"
#        "-Z(CONST)DATA16_C,DATA16_ID,TLS16_ID,DIFUNCT,CHECKSUM=C200-FF7F"
#        "-Z(CONST)DATA20_C,DATA20_ID" "-Z(CONST)MPU_B2"
#        "-Z(CODE)CSTART,ISR_CODE,CODE_ID=C200-FF7F"
#        "-P(CODE)CODE,CODE16=C200-FF7F" "-Z(CODE)CODE_PAD"
#        "-Z(CONST)SIGNATURE=FF80-FF8F" "-Z(CODE)INTVEC=FF90-FFFF"
#        "-Z(CODE)RESET=FFFE-FFFF") -f "C:\Program Files\IAR Systems\Embedded
#        Workbench 9.1\430\config\linker\multiplier32.xcl" (-e?Mul8Hw=?Mul8
#        -e?Mul16Hw=?Mul16 -e?Mul16to32uHw=?Mul16to32u
#        -e?Mul16to32sHw=?Mul16to32s -e?Mul32Hw32=?Mul32 -e?Mul64Hw32=_Mul64i
#        -e?Mul32u32uto64iHw32=_Mul32u32uto64i -e?Mul32fHw32=_Mul32f
#        -e_Mul64fHw32Ptr=_Mul64fPtr) -D_STACK_SIZE=A0 -rt "C:\Program
#        Files\IAR Systems\Embedded Workbench 9.1\430\lib\dlib\dl430xlsfn.r43"
#        -e_PrintfLarge=_Printf -e_ScanfLarge=_Scanf -D_DATA16_HEAP_SIZE=A0
#        --entry __program_start -D_DATA20_HEAP_SIZE=50 --text_out locale)
#
###############################################################################






                ****************************************
                *                                      *
                *            PROGRAM ENTRY             *
                *                                      *
                ****************************************

  ADDRESS  SPACE  TYPE         MODULE
  -------  -----  ----         ------
   0xC544         Relocatable  ?cstart




                ****************************************
                *                                      *
                *            RUNTIME MODEL             *
                *                                      *
                ****************************************

  ATTRIBUTE                   VALUE
  ---------                   -----
  __Heap_Handler              Basic
  __SystemLibrary             DLib
  __code_model                large
  __core                      430X
  __data_model                small
  __dlib_file_descriptor      0
  __dlib_full_locale_support  0
  __double_size               32
  __pic                       no
  __reg_r4                    free
  __reg_r5                    free
  __rt_version                3


                ****************************************
                *                                      *
                *    AUTOMATIC SYMBOL REDIRECTIONS     *
                *                                      *
                ****************************************

                   There are no automatic symbol redirections.



                ****************************************
                *                                      *
                *              ENTRY LIST              *
                *                                      *
                ****************************************

ENTRY                       SPACE  ADDRESS  KIND  TYPE  MODULE
-----                       -----  -------  ----  ----  ------
ADC10CTL0                            N/A    Loc         interrupts
ADC10CTL0_H                          N/A    Loc         interrupts
ADC10CTL0_L                          N/A    Loc         interrupts
UCA1IE                               N/A    Loc         IOT
UCA1IE_H                             N/A    Loc         IOT
UCA1IE_L                             N/A    Loc         IOT
PAOUT                                N/A    Loc         LCD
PAOUT_H                              N/A    Loc         LCD
PAOUT_L                              N/A    Loc         LCD
PJOUT                                N/A    Loc         LCD
PJOUT_H                              N/A    Loc         LCD
PJOUT_L                              N/A    Loc         LCD
PBOUT                                N/A    Loc         motor_control
PBOUT_H                              N/A    Loc         motor_control
PBOUT_L                              N/A    Loc         motor_control
ADC10CTL0                            N/A    Loc         ports
ADC10CTL0_H                          N/A    Loc         ports
ADC10CTL0_L                          N/A    Loc         ports
ADC10CTL1                            N/A    Loc         ports
ADC10CTL1_H                          N/A    Loc         ports
ADC10CTL1_L                          N/A    Loc         ports
ADC10MCTL0                           N/A    Loc         ports
ADC10MCTL0_H                         N/A    Loc         ports
ADC10MCTL0_L                         N/A    Loc         ports
PADIR                                N/A    Loc         ports
PADIR_H                              N/A    Loc         ports
PADIR_L                              N/A    Loc         ports
PAOUT                                N/A    Loc         ports
PAOUT_H                              N/A    Loc         ports
PAOUT_L                              N/A    Loc         ports
PASEL0                               N/A    Loc         ports
PASEL0_H                             N/A    Loc         ports
PASEL0_L                             N/A    Loc         ports
PASEL1                               N/A    Loc         ports
PASEL1_H                             N/A    Loc         ports
PASEL1_L                             N/A    Loc         ports
PBOUT                                N/A    Loc         ports
PBOUT_H                              N/A    Loc         ports
PBOUT_L                              N/A    Loc         ports
PJOUT                                N/A    Loc         ports
PJOUT_H                              N/A    Loc         ports
PJOUT_L                              N/A    Loc         ports
PBIN                                 N/A    Loc         switch
PBIN_H                               N/A    Loc         switch
PBIN_L                               N/A    Loc         switch
_DATA20_HEAP_SIZE                   0x0050  Pub         ?ABS_ENTRY_MOD [0]
_DATA16_HEAP_SIZE                   0x00A0  Pub         ?ABS_ENTRY_MOD [0]
_STACK_SIZE                         0x00A0  Pub         ?ABS_ENTRY_MOD [0]
_A_WDTCTL_L                         0x015C  Pub   Data  clocks
WDTCTL                              0x015C  Loc         clocks
WDTCTL_L                            0x015C  Loc         clocks
WDTCTL_H                            0x015D  Loc         clocks
_A_CSCTL0_L                         0x0160  Pub   Data  clocks
CSCTL0                              0x0160  Loc         clocks
CSCTL0_L                            0x0160  Loc         clocks
CSCTL0_H                            0x0161  Loc         clocks
_A_CSCTL1_L                         0x0162  Pub   Data  clocks
CSCTL1                              0x0162  Loc         clocks
CSCTL1_L                            0x0162  Loc         clocks
CSCTL1_H                            0x0163  Loc         clocks
_A_CSCTL2_L                         0x0164  Pub   Data  clocks
CSCTL2                              0x0164  Loc         clocks
CSCTL2_L                            0x0164  Loc         clocks
CSCTL2_H                            0x0165  Loc         clocks
_A_CSCTL3_L                         0x0166  Pub   Data  clocks
CSCTL3                              0x0166  Loc         clocks
CSCTL3_L                            0x0166  Loc         clocks
CSCTL3_H                            0x0167  Loc         clocks
_A_CSCTL4_L                         0x0168  Pub   Data  clocks
CSCTL4                              0x0168  Loc         clocks
CSCTL4_L                            0x0168  Loc         clocks
CSCTL4_H                            0x0169  Loc         clocks
_A_PAOUT_L                          0x0202  Pub   Data  init
PAOUT                               0x0202  Loc         init
PAOUT_L                             0x0202  Loc         init
PAOUT_H                             0x0203  Loc         init
_A_PADIR_L                          0x0204  Pub   Data  init
PADIR                               0x0204  Loc         init
PADIR_L                             0x0204  Loc         init
PADIR_H                             0x0205  Loc         init
_A_PAREN_L                          0x0206  Pub   Data  ports
PAREN                               0x0206  Loc         ports
PAREN_L                             0x0206  Loc         ports
PAREN_H                             0x0207  Loc         ports
_A_PASEL0_L                         0x020A  Pub   Data  init
PASEL0                              0x020A  Loc         init
PASEL0_L                            0x020A  Loc         init
PASEL0_H                            0x020B  Loc         init
_A_PASEL1_L                         0x020C  Pub   Data  init
PASEL1                              0x020C  Loc         init
PASEL1_L                            0x020C  Loc         init
PASEL1_H                            0x020D  Loc         init
_A_PBIN_L                           0x0220  Pub   Data  IOT
PBIN                                0x0220  Loc         IOT
PBIN_L                              0x0220  Loc         IOT
PBIN_H                              0x0221  Loc         IOT
_A_PBOUT_L                          0x0222  Pub   Data  LCD
PBOUT                               0x0222  Loc         LCD
PBOUT_L                             0x0222  Loc         LCD
PBOUT_H                             0x0223  Loc         LCD
_A_PBDIR_L                          0x0224  Pub   Data  ports
PBDIR                               0x0224  Loc         ports
PBDIR_L                             0x0224  Loc         ports
PBDIR_H                             0x0225  Loc         ports
_A_PBREN_L                          0x0226  Pub   Data  ports
PBREN                               0x0226  Loc         ports
PBREN_L                             0x0226  Loc         ports
PBREN_H                             0x0227  Loc         ports
_A_PBSEL0_L                         0x022A  Pub   Data  ports
PBSEL0                              0x022A  Loc         ports
PBSEL0_L                            0x022A  Loc         ports
PBSEL0_H                            0x022B  Loc         ports
_A_PBSEL1_L                         0x022C  Pub   Data  ports
PBSEL1                              0x022C  Loc         ports
PBSEL1_L                            0x022C  Loc         ports
PBSEL1_H                            0x022D  Loc         ports
_A_PJOUT_L                          0x0322  Pub   Data  IOT
PJOUT                               0x0322  Loc         IOT
PJOUT_L                             0x0322  Loc         IOT
PJOUT_H                             0x0323  Loc         IOT
_A_PJDIR_L                          0x0324  Pub   Data  ports
PJDIR                               0x0324  Loc         ports
PJDIR_L                             0x0324  Loc         ports
PJDIR_H                             0x0325  Loc         ports
_A_PJSEL0_L                         0x032A  Pub   Data  ports
PJSEL0                              0x032A  Loc         ports
PJSEL0_L                            0x032A  Loc         ports
PJSEL0_H                            0x032B  Loc         ports
_A_PJSEL1_L                         0x032C  Pub   Data  ports
PJSEL1                              0x032C  Loc         ports
PJSEL1_L                            0x032C  Loc         ports
PJSEL1_H                            0x032D  Loc         ports
TA0CTL                              0x0340  Pub   Data  init
TA0CCTL0                            0x0342  Pub   Data  init
TA0CCR0                             0x0352  Pub   Data  init
TA0EX0                              0x0360  Pub   Data  init
TB2CTL                              0x0440  Pub   Data  timersB2
TB2CCTL0                            0x0442  Pub   Data  timersB2
TB2CCR0                             0x0452  Pub   Data  timersB2
TB2CCR1                             0x0454  Pub   Data  timersB2
TB2CCR2                             0x0456  Pub   Data  timersB2
TB2EX0                              0x0460  Pub   Data  timersB2
TB2IV                               0x046E  Pub   Data  timersB2
__iar_HWMUL                         0x04C0  Pub         ?ABS_ENTRY_MOD [0]
_A_UCA0CTLW0_L                      0x05C0  Pub   Data  init
UCA0CTLW0                           0x05C0  Loc         init
UCA0CTLW0_L                         0x05C0  Loc         init
UCA0CTLW0_H                         0x05C1  Loc         init
_A_UCA0BRW_L                        0x05C6  Pub   Data  init
UCA0BRW                             0x05C6  Loc         init
UCA0BRW_L                           0x05C6  Loc         init
UCA0BRW_H                           0x05C7  Loc         init
_A_UCA0MCTLW_L                      0x05C8  Pub   Data  init
UCA0MCTLW                           0x05C8  Loc         init
UCA0MCTLW_L                         0x05C8  Loc         init
UCA0MCTLW_H                         0x05C9  Loc         init
_A_UCA0RXBUF_L                      0x05CC  Pub   Data  interrupts
UCA0RXBUF                           0x05CC  Loc         interrupts
UCA0RXBUF_L                         0x05CC  Loc         interrupts
UCA0RXBUF_H                         0x05CD  Loc         interrupts
_A_UCA0TXBUF_L                      0x05CE  Pub   Data  IOT
UCA0TXBUF                           0x05CE  Loc         IOT
UCA0TXBUF_L                         0x05CE  Loc         IOT
UCA0TXBUF_H                         0x05CF  Loc         IOT
_A_UCA0IE_L                         0x05DA  Pub   Data  init
UCA0IE                              0x05DA  Loc         init
UCA0IE_L                            0x05DA  Loc         init
UCA0IE_H                            0x05DB  Loc         init
UCA0IV                              0x05DE  Pub   Data  interrupts
_A_UCA1CTLW0_L                      0x05E0  Pub   Data  init
UCA1CTLW0                           0x05E0  Loc         init
UCA1CTLW0_L                         0x05E0  Loc         init
UCA1CTLW0_H                         0x05E1  Loc         init
_A_UCA1BRW_L                        0x05E6  Pub   Data  init
UCA1BRW                             0x05E6  Loc         init
UCA1BRW_L                           0x05E6  Loc         init
UCA1BRW_H                           0x05E7  Loc         init
_A_UCA1MCTLW_L                      0x05E8  Pub   Data  init
UCA1MCTLW                           0x05E8  Loc         init
UCA1MCTLW_L                         0x05E8  Loc         init
UCA1MCTLW_H                         0x05E9  Loc         init
_A_UCA1RXBUF_L                      0x05EC  Pub   Data  interrupts
UCA1RXBUF                           0x05EC  Loc         interrupts
UCA1RXBUF_L                         0x05EC  Loc         interrupts
UCA1RXBUF_H                         0x05ED  Loc         interrupts
_A_UCA1TXBUF_L                      0x05EE  Pub   Data  IOT
UCA1TXBUF                           0x05EE  Loc         IOT
UCA1TXBUF_L                         0x05EE  Loc         IOT
UCA1TXBUF_H                         0x05EF  Loc         IOT
_A_UCA1IE_L                         0x05FA  Pub   Data  init
UCA1IE                              0x05FA  Loc         init
UCA1IE_L                            0x05FA  Loc         init
UCA1IE_H                            0x05FB  Loc         init
UCA1IV                              0x05FE  Pub   Data  interrupts
_A_UCB0CTLW0_L                      0x0640  Pub   Data  LCD
UCB0CTLW0                           0x0640  Loc         LCD
UCB0CTLW0_L                         0x0640  Loc         LCD
UCB0CTLW0_H                         0x0641  Loc         LCD
_A_UCB0BRW_L                        0x0646  Pub   Data  LCD
UCB0BRW                             0x0646  Loc         LCD
UCB0BRW_L                           0x0646  Loc         LCD
UCB0BRW_H                           0x0647  Loc         LCD
_A_UCB0TXBUF_L                      0x064E  Pub   Data  LCD
UCB0TXBUF                           0x064E  Loc         LCD
UCB0TXBUF_L                         0x064E  Loc         LCD
UCB0TXBUF_H                         0x064F  Loc         LCD
_A_UCB0IFG_L                        0x066C  Pub   Data  LCD
UCB0IFG                             0x066C  Loc         LCD
UCB0IFG_L                           0x066C  Loc         LCD
UCB0IFG_H                           0x066D  Loc         LCD
_A_ADC10CTL0_L                      0x0700  Pub   Data  init
ADC10CTL0                           0x0700  Loc         init
ADC10CTL0_L                         0x0700  Loc         init
ADC10CTL0_H                         0x0701  Loc         init
_A_ADC10CTL1_L                      0x0702  Pub   Data  init
ADC10CTL1                           0x0702  Loc         init
ADC10CTL1_L                         0x0702  Loc         init
ADC10CTL1_H                         0x0703  Loc         init
_A_ADC10CTL2_L                      0x0704  Pub   Data  ports
ADC10CTL2                           0x0704  Loc         ports
ADC10CTL2_L                         0x0704  Loc         ports
ADC10CTL2_H                         0x0705  Loc         ports
_A_ADC10MCTL0_L                     0x070A  Pub   Data  interrupts
ADC10MCTL0                          0x070A  Loc         interrupts
ADC10MCTL0_L                        0x070A  Loc         interrupts
ADC10MCTL0_H                        0x070B  Loc         interrupts
_A_ADC10MEM0_L                      0x0712  Pub   Data  interrupts
ADC10MEM0                           0x0712  Loc         interrupts
ADC10MEM0_L                         0x0712  Loc         interrupts
ADC10MEM0_H                         0x0713  Loc         interrupts
_A_ADC10IE_L                        0x071A  Pub   Data  ports
ADC10IE                             0x071A  Loc         ports
ADC10IE_L                           0x071A  Loc         ports
ADC10IE_H                           0x071B  Loc         ports
_A_ADC10IV_L                        0x071E  Pub   Data  interrupts
ADC10IV                             0x071E  Loc         interrupts
ADC10IV_L                           0x071E  Loc         interrupts
ADC10IV_H                           0x071F  Loc         interrupts
display_1                           0x1C00  Pub   Data  LCD
display_2                           0x1C02  Pub   Data  LCD
display_3                           0x1C04  Pub   Data  LCD
display_4                           0x1C06  Pub   Data  LCD
Time_Sequence                       0x1C08  Pub   Data  main
milli_counter                       0x1C0A  Pub   Data  main
milli_counter2                      0x1C0C  Pub   Data  main
chng_channel                        0x1C0E  Pub   Data  main
ADC_Right_Detector                  0x1C10  Pub   Data  main
ADC_Left_Detector                   0x1C12  Pub   Data  main
ADC_Thumb                           0x1C14  Pub   Data  main
temp                                0x1C16  Pub   Data  main
cpu_rx_ring_wr                      0x1C18  Pub   Data  main
cpu_rx_ring_rd                      0x1C1A  Pub   Data  main
cpu_tx_ring_wr                      0x1C1C  Pub   Data  main
cpu_tx_ring_rd                      0x1C1E  Pub   Data  main
diff                                0x1C20  Pub   Data  main
usb_rx_ring_wr                      0x1C22  Pub   Data  main
usb_rx_ring_rd                      0x1C24  Pub   Data  main
usb_tx_ring_wr                      0x1C26  Pub   Data  main
usb_tx_ring_rd                      0x1C28  Pub   Data  main
menu_type                           0x1C2A  Pub   Data  main
five_msec_count                     0x1C2C  Pub   Data  timersB2
display_line_1                      0x1C2E  Pub   Data  LCD
display_line_2                      0x1C39  Pub   Data  LCD
display_line_3                      0x1C44  Pub   Data  LCD
display_line_4                      0x1C4F  Pub   Data  LCD
one_time                            0x1C5A  Pub   Data  main
posL1                               0x1C5B  Pub   Data  main
posL2                               0x1C5C  Pub   Data  main
posL3                               0x1C5D  Pub   Data  main
posL4                               0x1C5E  Pub   Data  main
CPU_Char_Rx                         0x1C5F  Pub   Data  main
CPU_Char_Tx                         0x1C87  Pub   Data  main
enabled_RX                          0x1CAF  Pub   Data  main
temp1                               0x1CB0  Pub   Data  main
tens                                0x1CB1  Pub   Data  main
hundreds                            0x1CB2  Pub   Data  main
tens_num                            0x1CB3  Pub   Data  main
hundreds_num                        0x1CB4  Pub   Data  main
USB_Char_Rx                         0x1CB5  Pub   Data  main
USB_Char_Tx                         0x1CDD  Pub   Data  main
IOT_Char_Rx                         0x1D05  Pub   Data  main
__program_start                     0xC544  Pub         ?cstart [1]
?cstart_begin                       0xC544  Pub         ?cstart [1]
?cstart_init_zero                   0xC548  Pub         ?cstart [1]
?cstart_call_main                   0xC554  Pub         ?cstart [1]
Timer0_A0_ISR                       0xC55C  Pub   Code  interrupts
?cstart_end                         0xC55C  Pub         ?cstart [1]
ADC10_ISR                           0xC584  Pub   Code  interrupts
USCI_A0_ISR                         0xC5E2  Pub   Code  interrupts
USCI_A1_ISR                         0xC618  Pub   Code  interrupts
Timer2_B0_ISR                       0xC65C  Pub   Code  timersB2
TIMER2_B1_ISR                       0xC678  Pub   Code  timersB2
Reconnect                           0xC6A2  Pub   Code  IOT
Listen                              0xCA1C  Pub   Code  IOT
IOT_config                          0xCCBA  Pub   Code  IOT
Switches_Process                    0xCE20  Pub   Code  switch
Check_Str                           0xCF40  Pub   Code  IOT
main                                0xD022  Pub   Code  main
Init_Port2                          0xD0FA  Pub   Code  ports
Init_Port3                          0xD1BC  Pub   Code  ports
Init_Port1                          0xD27A  Pub   Code  ports
Init_Serial_UCA1                    0xD32E  Pub   Code  init
Init_Serial_UCA0                    0xD3D6  Pub   Code  init
Init_LCD                            0xD47E  Pub   Code  LCD
Save_All                            0xD51E  Pub   Code  IOT
Set_SSID                            0xD5A0  Pub   Code  IOT
Reset_All                           0xD622  Pub   Code  IOT
Set_HostN                           0xD6A4  Pub   Code  IOT
Get_HostN                           0xD726  Pub   Code  IOT
Set_NetP                            0xD7A8  Pub   Code  IOT
Get_NetP                            0xD82A  Pub   Code  IOT
Set_NetM                            0xD8AC  Pub   Code  IOT
Get_NetM                            0xD92E  Pub   Code  IOT
Get_SSID                            0xD9B0  Pub   Code  IOT
Init_Clocks                         0xDA30  Pub   Code  clocks
Init_PortJ                          0xDAA2  Pub   Code  ports
Init_ADC                            0xDB10  Pub   Code  ports
Ping                                0xDB7C  Pub   Code  IOT
Socket                              0xDBDA  Pub   Code  IOT
Check_Status                        0xDC38  Pub   Code  IOT
Display_Process                     0xDC96  Pub   Code  display
Init_SPI_B0                         0xDCDC  Pub   Code  LCD
Init_Port4                          0xDD1A  Pub   Code  ports
Out_To_LCD                          0xDD54  Pub   Code  display
Init_Timer_A0                       0xDD8C  Pub   Code  init
X_Seconds_Delay                     0xDDBE  Pub   Code  clocks
WriteData                           0xDDEE  Pub   Code  LCD
WriteIns                            0xDE1A  Pub   Code  LCD
lcd_out                             0xDE46  Pub   Code  LCD
Init_Conditions                     0xDE6A  Pub   Code  init
Init_Ports                          0xDE88  Pub   Code  ports
Init_Timer_B2                       0xDEA2  Pub   Code  timersB2
Five_Msec_Delay                     0xDEBC  Pub   Code  clocks
lcd_BIG_mid                         0xDED4  Pub   Code  LCD
__exit                              0xDEEC  Pub   Code  ?__exit [1]
SPI_B0_write                        0xDF00  Pub   Code  LCD
spi_chipselect_idle                 0xDF14  Pub   Code  LCD
All_Off                             0xDF26  Pub   Code  motor_control
SetPostion                          0xDF38  Pub   Code  LCD
__data16_memzero                    0xDF4A  Pub   Code  ?memzero [1]
?CopyMemoryBytes                    0xDF5A  Pub         ?CopyMemoryBytes [1]
DisplayOnOff                        0xDF6A  Pub   Code  LCD
ADC_Process                         0xDF7A  Pub   Code  init
ClrDisplay                          0xDF88  Pub   Code  LCD
spi_chipselect_active               0xDF94  Pub   Code  LCD
Init_Timers                         0xDFA0  Pub   Code  init
Right_Reverse_Off                   0xDFAA  Pub   Code  motor_control
Left_Forward_On                     0xDFB2  Pub   Code  motor_control
Left_Forward_Off                    0xDFBA  Pub   Code  motor_control
Right_Reverse_On                    0xDFC2  Pub   Code  motor_control
Left_Reverse_On                     0xDFCA  Pub   Code  motor_control
Left_Reverse_Off                    0xDFD2  Pub   Code  motor_control
Right_Forward_On                    0xDFDA  Pub   Code  motor_control
Right_Forward_Off                   0xDFE2  Pub   Code  motor_control
lcd_4line                           0xDFEA  Pub   Code  LCD
spi_reset_idle                      0xDFF2  Pub   Code  LCD
spi_reset_active                    0xDFF8  Pub   Code  LCD
enable_interrupts                   0xDFFE  Pub   Code  system
exit                                0xE004  Pub   Code  ?exit [1]
_exit                               0xE008  Pub   Code  ?_exit [1]
__DebugBreak                        0xE00C  Pub   Code  ?__dbg_break [1]
TIMER2_B1_ISR::??INTVEC 68          0xFFD4  Pub         timersB2
Timer2_B0_ISR::??INTVEC 70          0xFFD6  Pub         timersB2
USCI_A1_ISR::??INTVEC 86            0xFFE6  Pub         interrupts
Timer0_A0_ISR::??INTVEC 90          0xFFEA  Pub         interrupts
ADC10_ISR::??INTVEC 92              0xFFEC  Pub         interrupts
USCI_A0_ISR::??INTVEC 96            0xFFF0  Pub         interrupts
?reset_vector                       0xFFFE  Pub         ?reset_vector [1]

[0] = Command line (linker generated)
[1] = C:\Program Files\IAR Systems\Embedded Workbench 9.1\430\lib\dlib\dl430xlsfn.r43


                ****************************************
                *                                      *
                *            MODULE SUMMARY            *
                *                                      *
                ****************************************

Module               CODE      DATA      CONST
------               ----      ----      -----
                    (Rel)  (Rel)  (Abs)  (Rel)
?CopyMemoryBytes       16
?__dbg_break            2
?__exit                20
?_exit                  4
?cstart                24
?exit                   4
?memzero               16
?reset_vector           2
IOT                 3'724             4    764
  + shared                            4
LCD                   486     52      8
  + shared                            2
clocks                186            12
display               126
init                  440            20
  + shared                           16
interrupts            256            12
  + shared             98             2
  + common
main                  216    247            26
motor_control          82
ports                 866            20
switch                288                   46
system                  6
timersB2               96      2     14
  + common             72
N/A (command line)           160
N/A (alignment)
----------          -----    ---    ---    ---
Total:              6'860    461    114    836
  + common             98


                ****************************************
                *                                      *
                *      SEGMENTS IN ADDRESS ORDER       *
                *                                      *
                ****************************************

SEGMENT    SPACE    START/END ADDRESS      SIZE  TYPE  ALIGN
-------    -----  ---------------------    ----  ----  -----
DATA16_I                 0x1C00                   dse   1(0)
DATA16_Z             0x1C00 - 0x1D2C      0x12D   rel   2(1)
DATA20_I                 0x1D2E                   rel   2(1)
DATA20_Z                 0x1D2E                   rel   2(1)
DATA20_N                 0x1D2E                   rel   2(1)
CODE_I                   0x1D2E                   rel   2(1)
CSTACK               0x1F60 - 0x1FFF       0xA0   rel   2(1)
DATA16_C             0xC200 - 0xC543      0x344   rel   1(0)
DATA20_C                 0xC544                   rel   2(1)
DATA20_ID                0xC544                   rel   2(1)
CSTART               0xC544 - 0xC55B       0x18   rel   2(1)
ISR_CODE             0xC55C - 0xC6A1      0x146   rel   2(1)
CODE_ID                  0xC6A2                   rel   2(1)
<CODE> 1             0xC6A2 - 0xE00D     0x196C   rel   2(1)
INTVEC               0xFF90 - 0xFFF1       0x62   com   2(1)
RESET                0xFFFE - 0xFFFF        0x2   rel   2(1)
DATA16_AN            0x015C - 0x015D        0x2   abs   1(0)
                     0x0160 - 0x0169        0xA
                     0x0202 - 0x0207        0x6
                     0x020A - 0x020D        0x4
                     0x0220 - 0x0227        0x8
                     0x022A - 0x022D        0x4
                     0x0322 - 0x0325        0x4
                     0x032A - 0x032D        0x4
                     0x0340 - 0x0343        0x4
                     0x0352 - 0x0353        0x2
                     0x0360 - 0x0361        0x2
                     0x0440 - 0x0443        0x4
                     0x0452 - 0x0457        0x6
                     0x0460 - 0x0461        0x2
                     0x046E - 0x046F        0x2
                     0x05C0 - 0x05C1        0x2
                     0x05C6 - 0x05C9        0x4
                     0x05CC - 0x05CF        0x4
                     0x05DA - 0x05DB        0x2
                     0x05DE - 0x05E1        0x4
                     0x05E6 - 0x05E9        0x4
                     0x05EC - 0x05EF        0x4
                     0x05FA - 0x05FB        0x2
                     0x05FE - 0x05FF        0x2
                     0x0640 - 0x0641        0x2
                     0x0646 - 0x0647        0x2
                     0x064E - 0x064F        0x2
                     0x066C - 0x066D        0x2
                     0x0700 - 0x0705        0x6
                     0x070A - 0x070B        0x2
                     0x0712 - 0x0713        0x2
                     0x071A - 0x071B        0x2
                     0x071E - 0x071F        0x2

 6'958 bytes of CODE  memory
   461 bytes of DATA  memory (+ 114 absolute )
   836 bytes of CONST memory

Errors: none
Warnings: none
